Using pre-set license
Built from '2022.3/respin/2022.3.62f2-4af31df585-v2' branch; Version is '2022.3.62f3 (96770f904ca7) revision 9860879'; Using compiler version '192829333'; Build Type 'Release'
OS: 'Windows 11  (10.0.26200) 64bit Professional' Language: 'pt' Physical Memory: 32060 MB
BatchMode: 1, IsHumanControllingUs: 0, StartBugReporterOnCrash: 0, Is64bit: 1, IsPro: 1

COMMAND LINE ARGUMENTS:
C:\Program Files\Unity\Hub\Editor\2022.3.62f3\Editor\Unity.exe
-adb2
-batchMode
-noUpm
-name
AssetImportWorker6
-projectPath
C:/Users/Utilizador/Documents/GitHub/Rubys adventure 2d
-logFile
Logs/AssetImportWorker6.log
-srvPort
50925
Successfully changed project path to: C:/Users/Utilizador/Documents/GitHub/Rubys adventure 2d
C:/Users/Utilizador/Documents/GitHub/Rubys adventure 2d
[UnityMemory] Configuration Parameters - Can be set up in boot.config
    "memorysetup-bucket-allocator-granularity=16"
    "memorysetup-bucket-allocator-bucket-count=8"
    "memorysetup-bucket-allocator-block-size=33554432"
    "memorysetup-bucket-allocator-block-count=8"
    "memorysetup-main-allocator-block-size=16777216"
    "memorysetup-thread-allocator-block-size=16777216"
    "memorysetup-gfx-main-allocator-block-size=16777216"
    "memorysetup-gfx-thread-allocator-block-size=16777216"
    "memorysetup-cache-allocator-block-size=4194304"
    "memorysetup-typetree-allocator-block-size=2097152"
    "memorysetup-profiler-bucket-allocator-granularity=16"
    "memorysetup-profiler-bucket-allocator-bucket-count=8"
    "memorysetup-profiler-bucket-allocator-block-size=33554432"
    "memorysetup-profiler-bucket-allocator-block-count=8"
    "memorysetup-profiler-allocator-block-size=16777216"
    "memorysetup-profiler-editor-allocator-block-size=1048576"
    "memorysetup-temp-allocator-size-main=16777216"
    "memorysetup-job-temp-allocator-block-size=2097152"
    "memorysetup-job-temp-allocator-block-size-background=1048576"
    "memorysetup-job-temp-allocator-reduction-small-platforms=262144"
    "memorysetup-allocator-temp-initial-block-size-main=262144"
    "memorysetup-allocator-temp-initial-block-size-worker=262144"
    "memorysetup-temp-allocator-size-background-worker=32768"
    "memorysetup-temp-allocator-size-job-worker=262144"
    "memorysetup-temp-allocator-size-preload-manager=33554432"
    "memorysetup-temp-allocator-size-nav-mesh-worker=65536"
    "memorysetup-temp-allocator-size-audio-worker=65536"
    "memorysetup-temp-allocator-size-cloud-worker=32768"
    "memorysetup-temp-allocator-size-gi-baking-worker=262144"
    "memorysetup-temp-allocator-size-gfx=262144"
Player connection [41216]  Target information:

Player connection [41216]  * "[IP] 192.168.1.70 [Port] 0 [Flags] 2 [Guid] 4076852362 [EditorId] 4076852362 [Version] 1048832 [Id] WindowsEditor(7,LilacMoon) [Debug] 1 [PackageName] WindowsEditor [ProjectName] Editor" 

Player connection [41216] Host joined multi-casting on [225.0.0.222:54997]...
Player connection [41216] Host joined alternative multi-casting on [225.0.0.222:34997]...
Input System module state changed to: Initialized.
[PhysX] Initialized MultithreadedTaskDispatcher with 16 workers.
Refreshing native plugins compatible for Editor in 22.22 ms, found 5 plugins.
Preloading 0 native plugins for Editor in 0.00 ms.
Initialize engine version: 2022.3.62f3 (96770f904ca7)
[Subsystems] Discovering subsystems at path C:/Program Files/Unity/Hub/Editor/2022.3.62f3/Editor/Data/Resources/UnitySubsystems
[Subsystems] Discovering subsystems at path C:/Users/Utilizador/Documents/GitHub/Rubys adventure 2d/Assets
GfxDevice: creating device client; threaded=0; jobified=0
Direct3D:
    Version:  Direct3D 11.0 [level 11.1]
    Renderer: NVIDIA GeForce RTX 4060 Laptop GPU (ID=0x28a0)
    Vendor:   NVIDIA
    VRAM:     7957 MB
    Driver:   31.0.15.5176
Initialize mono
Mono path[0] = 'C:/Program Files/Unity/Hub/Editor/2022.3.62f3/Editor/Data/Managed'
Mono path[1] = 'C:/Program Files/Unity/Hub/Editor/2022.3.62f3/Editor/Data/MonoBleedingEdge/lib/mono/unityjit-win32'
Mono config path = 'C:/Program Files/Unity/Hub/Editor/2022.3.62f3/Editor/Data/MonoBleedingEdge/etc'
Using monoOptions --debugger-agent=transport=dt_socket,embedding=1,server=y,suspend=n,address=127.0.0.1:56268
Begin MonoManager ReloadAssembly
Registering precompiled unity dll's ...
Register platform support module: C:/Program Files/Unity/Hub/Editor/2022.3.62f3/Editor/Data/PlaybackEngines/WindowsStandaloneSupport/UnityEditor.WindowsStandalone.Extensions.dll
Registered in 0.009706 seconds.
- Loaded All Assemblies, in  0.346 seconds
Native extension for WindowsStandalone target not found
Mono: successfully reloaded assembly
- Finished resetting the current domain, in  0.259 seconds
Domain Reload Profiling: 603ms
	BeginReloadAssembly (102ms)
		ExecutionOrderSort (0ms)
		DisableScriptedObjects (0ms)
		BackupInstance (0ms)
		ReleaseScriptingObjects (0ms)
		CreateAndSetChildDomain (1ms)
	RebuildCommonClasses (32ms)
	RebuildNativeTypeToScriptingClass (10ms)
	initialDomainReloadingComplete (64ms)
	LoadAllAssembliesAndSetupDomain (134ms)
		LoadAssemblies (100ms)
		RebuildTransferFunctionScriptingTraits (0ms)
		AnalyzeDomain (132ms)
			TypeCache.Refresh (131ms)
				TypeCache.ScanAssembly (117ms)
			ScanForSourceGeneratedMonoScriptInfo (0ms)
			ResolveRequiredComponents (1ms)
	FinalizeReload (260ms)
		ReleaseScriptCaches (0ms)
		RebuildScriptCaches (0ms)
		SetupLoadedEditorAssemblies (214ms)
			LogAssemblyErrors (0ms)
			InitializePlatformSupportModulesInManaged (11ms)
			SetLoadedEditorAssemblies (7ms)
			RefreshPlugins (0ms)
			BeforeProcessingInitializeOnLoad (2ms)
			ProcessInitializeOnLoadAttributes (147ms)
			ProcessInitializeOnLoadMethodAttributes (47ms)
			AfterProcessingInitializeOnLoad (0ms)
			EditorAssembliesLoaded (0ms)
		ExecutionOrderSort2 (0ms)
		AwakeInstancesAfterBackupRestoration (0ms)
========================================================================
Worker process is ready to serve import requests
Caller must complete domain reload
Begin MonoManager ReloadAssembly
- Loaded All Assemblies, in  0.654 seconds
Native extension for WindowsStandalone target not found
Mono: successfully reloaded assembly
- Finished resetting the current domain, in  0.774 seconds
Domain Reload Profiling: 1424ms
	BeginReloadAssembly (126ms)
		ExecutionOrderSort (0ms)
		DisableScriptedObjects (5ms)
		BackupInstance (0ms)
		ReleaseScriptingObjects (0ms)
		CreateAndSetChildDomain (20ms)
	RebuildCommonClasses (27ms)
	RebuildNativeTypeToScriptingClass (8ms)
	initialDomainReloadingComplete (41ms)
	LoadAllAssembliesAndSetupDomain (448ms)
		LoadAssemblies (313ms)
		RebuildTransferFunctionScriptingTraits (0ms)
		AnalyzeDomain (206ms)
			TypeCache.Refresh (164ms)
				TypeCache.ScanAssembly (148ms)
			ScanForSourceGeneratedMonoScriptInfo (32ms)
			ResolveRequiredComponents (10ms)
	FinalizeReload (775ms)
		ReleaseScriptCaches (0ms)
		RebuildScriptCaches (0ms)
		SetupLoadedEditorAssemblies (610ms)
			LogAssemblyErrors (0ms)
			InitializePlatformSupportModulesInManaged (7ms)
			SetLoadedEditorAssemblies (5ms)
			RefreshPlugins (0ms)
			BeforeProcessingInitializeOnLoad (99ms)
			ProcessInitializeOnLoadAttributes (396ms)
			ProcessInitializeOnLoadMethodAttributes (93ms)
			AfterProcessingInitializeOnLoad (10ms)
			EditorAssembliesLoaded (0ms)
		ExecutionOrderSort2 (0ms)
		AwakeInstancesAfterBackupRestoration (6ms)
Launched and connected shader compiler UnityShaderCompiler.exe after 0.05 seconds
Refreshing native plugins compatible for Editor in 9.70 ms, found 5 plugins.
Preloading 0 native plugins for Editor in 0.00 ms.
Unloading 6441 Unused Serialized files (Serialized files now loaded: 0)
Unloading 80 unused Assets / (3.6 MB). Loaded Objects now: 6867.
Memory consumption went from 232.1 MB to 228.4 MB.
Total: 6.187100 ms (FindLiveObjects: 0.549800 ms CreateObjectMapping: 0.317400 ms MarkObjects: 3.571200 ms  DeleteObjects: 1.747700 ms)

AssetImportParameters requested are different than current active one (requested -> active):
  custom:container-demuxer-ogg: 62fdf1f143b41e24485cea50d1cbac27 -> 
  custom:framework-win-MediaFoundation: 216162199b28c13a410421893ffa2e32 -> 
  custom:container-muxer-webm: aa71ff27fc2769a1b78a27578f13a17b -> 
  custom:video-decoder-webm-vp8: 9c59270c3fd7afecdb556c50c9e8de78 -> 
  custom:SearchIndexIgnoredProperties: e643bd26f0fe6173181afceb89e7c659 -> 
  custom:AudioImporter_EditorPlatform: d09bf68614088b80899f8185d706f6e7 -> 
  custom:audio-decoder-ogg-vorbis: bf7c407c2cedff20999df2af8eb42d56 -> 
  custom:audio-encoder-webm-vorbis: bf7c407c2cedff20999df2af8eb42d56 -> 
  custom:video-codec-MediaFoundation-h265: 746d11721c4dcdbdad8f713fa42b33f4 -> 
  custom:video-decoder-ogg-theora: a1e56fd34408186e4bbccfd4996cb3dc -> 
  custom:CustomObjectIndexerAttribute: 72b91833f83ae208fae7752999fa3104 -> 
  custom:container-demuxer-webm: 4f35f7cbe854078d1ac9338744f61a02 -> 
  custom:video-encoder-webm-vp8: eb34c28f22e8b96e1ab97ce403110664 -> 
========================================================================
Received Import Request.
  Time since last request: 173751.401593 seconds.
  path: Assets/Art/SugarLand/Environment/FloorGrassToBricksCorner.png
  artifactKey: Guid(3dae11869141e1d46bfa74e4e3b8da22) Importer(815301076,1909f56bfc062723c751e8b465ee728b)
Start importing Assets/Art/SugarLand/Environment/FloorGrassToBricksCorner.png using Guid(3dae11869141e1d46bfa74e4e3b8da22) Importer(815301076,1909f56bfc062723c751e8b465ee728b) [PhysX] Initialized MultithreadedTaskDispatcher with 16 workers.
[PhysX] Initialized MultithreadedTaskDispatcher with 16 workers.
 -> (artifact id: '70aaafa6852657de88683b0467861c2a') in 0.058885 seconds
Number of updated asset objects reloaded before import = 0
Number of asset objects unloaded after import = 2
========================================================================
Received Import Request.
  Time since last request: 5.122966 seconds.
  path: Assets/Art/SugarLand/Environment/FloorGrassToBricksCorner.png
  artifactKey: Guid(3dae11869141e1d46bfa74e4e3b8da22) Importer(815301076,1909f56bfc062723c751e8b465ee728b)
Start importing Assets/Art/SugarLand/Environment/FloorGrassToBricksCorner.png using Guid(3dae11869141e1d46bfa74e4e3b8da22) Importer(815301076,1909f56bfc062723c751e8b465ee728b) [PhysX] Initialized MultithreadedTaskDispatcher with 16 workers.
[PhysX] Initialized MultithreadedTaskDispatcher with 16 workers.
 -> (artifact id: '52cd906cfef7bdf5cdd24b3028693e94') in 0.054145 seconds
Number of updated asset objects reloaded before import = 0
Number of asset objects unloaded after import = 11
========================================================================
Received Import Request.
  Time since last request: 8.558223 seconds.
  path: Assets/Art/SugarLand/Environment/FloorGrassToBricksCorner_0.asset
  artifactKey: Guid(d02316460c4901b4d8f5e40d8aaf82a0) Importer(815301076,1909f56bfc062723c751e8b465ee728b)
Start importing Assets/Art/SugarLand/Environment/FloorGrassToBricksCorner_0.asset using Guid(d02316460c4901b4d8f5e40d8aaf82a0) Importer(815301076,1909f56bfc062723c751e8b465ee728b) [PhysX] Initialized MultithreadedTaskDispatcher with 16 workers.
 -> (artifact id: 'fd2e1ee2c468a8eac17d9cdc9bacd318') in 0.017373 seconds
Number of updated asset objects reloaded before import = 0
Number of asset objects unloaded after import = 3
========================================================================
Received Import Request.
  Time since last request: 0.001719 seconds.
  path: Assets/Art/SugarLand/Environment/FloorGrassToBricksCorner_3.asset
  artifactKey: Guid(9a58250d427ad6b4c9ef5dd5b391165f) Importer(815301076,1909f56bfc062723c751e8b465ee728b)
Start importing Assets/Art/SugarLand/Environment/FloorGrassToBricksCorner_3.asset using Guid(9a58250d427ad6b4c9ef5dd5b391165f) Importer(815301076,1909f56bfc062723c751e8b465ee728b) [PhysX] Initialized MultithreadedTaskDispatcher with 16 workers.
 -> (artifact id: '2b5fb009b346bac7853ec214bd4c12e0') in 0.015959 seconds
Number of updated asset objects reloaded before import = 0
Number of asset objects unloaded after import = 3
========================================================================
Received Import Request.
  Time since last request: 0.000025 seconds.
  path: Assets/Art/SugarLand/Environment/FloorGrassToBricksCorner_8.asset
  artifactKey: Guid(7ddcea4d0ce2f2c4fa9ac30d788580bc) Importer(815301076,1909f56bfc062723c751e8b465ee728b)
Start importing Assets/Art/SugarLand/Environment/FloorGrassToBricksCorner_8.asset using Guid(7ddcea4d0ce2f2c4fa9ac30d788580bc) Importer(815301076,1909f56bfc062723c751e8b465ee728b) [PhysX] Initialized MultithreadedTaskDispatcher with 16 workers.
 -> (artifact id: '6eebba7b89b46dc9494b4cca5d98aa0a') in 0.016046 seconds
Number of updated asset objects reloaded before import = 0
Number of asset objects unloaded after import = 3
========================================================================
Received Import Request.
  Time since last request: 0.000024 seconds.
  path: Assets/Art/SugarLand/Environment/FloorGrassToBricksCorner_5.asset
  artifactKey: Guid(462d0d1d4125cc94c92601d23b490baa) Importer(815301076,1909f56bfc062723c751e8b465ee728b)
Start importing Assets/Art/SugarLand/Environment/FloorGrassToBricksCorner_5.asset using Guid(462d0d1d4125cc94c92601d23b490baa) Importer(815301076,1909f56bfc062723c751e8b465ee728b) [PhysX] Initialized MultithreadedTaskDispatcher with 16 workers.
 -> (artifact id: '9cd81f504ef06e54d0dce9a3002f5654') in 0.012418 seconds
Number of updated asset objects reloaded before import = 0
Number of asset objects unloaded after import = 3
========================================================================
Received Import Request.
  Time since last request: 0.000022 seconds.
  path: Assets/Art/SugarLand/Environment/FloorGrassToBricksCorner_6.asset
  artifactKey: Guid(996b55c0a016cb040b002ad38536fb92) Importer(815301076,1909f56bfc062723c751e8b465ee728b)
Start importing Assets/Art/SugarLand/Environment/FloorGrassToBricksCorner_6.asset using Guid(996b55c0a016cb040b002ad38536fb92) Importer(815301076,1909f56bfc062723c751e8b465ee728b) [PhysX] Initialized MultithreadedTaskDispatcher with 16 workers.
 -> (artifact id: 'e492ae684308f1fba0f6e035f5ac31c4') in 0.007479 seconds
Number of updated asset objects reloaded before import = 0
Number of asset objects unloaded after import = 3
========================================================================
Received Import Request.
  Time since last request: 0.000029 seconds.
  path: Assets/Art/SugarLand/Environment/FloorGrassToBricksCorner_2.asset
  artifactKey: Guid(7802141cd2f311a4f8be1223d70fb764) Importer(815301076,1909f56bfc062723c751e8b465ee728b)
Start importing Assets/Art/SugarLand/Environment/FloorGrassToBricksCorner_2.asset using Guid(7802141cd2f311a4f8be1223d70fb764) Importer(815301076,1909f56bfc062723c751e8b465ee728b) [PhysX] Initialized MultithreadedTaskDispatcher with 16 workers.
 -> (artifact id: '5cb285ce9d98d334b3c400e1795b5138') in 0.006430 seconds
Number of updated asset objects reloaded before import = 0
Number of asset objects unloaded after import = 3
========================================================================
Received Import Request.
  Time since last request: 0.000018 seconds.
  path: Assets/Art/SugarLand/Environment/FloorGrassToBricksCorner_7.asset
  artifactKey: Guid(6460b6be0bd454f4b93d237d07354acd) Importer(815301076,1909f56bfc062723c751e8b465ee728b)
Start importing Assets/Art/SugarLand/Environment/FloorGrassToBricksCorner_7.asset using Guid(6460b6be0bd454f4b93d237d07354acd) Importer(815301076,1909f56bfc062723c751e8b465ee728b) [PhysX] Initialized MultithreadedTaskDispatcher with 16 workers.
 -> (artifact id: '366e3a086ce9e55d39ab73576dcf4041') in 0.014622 seconds
Number of updated asset objects reloaded before import = 0
Number of asset objects unloaded after import = 3
========================================================================
Received Import Request.
  Time since last request: 29.102442 seconds.
  path: Assets/Art/SugarLand/Environment/FloorBricksToGrassCorner_1.asset
  artifactKey: Guid(08bf32485849f5148a0e0e41fcb78ae8) Importer(815301076,1909f56bfc062723c751e8b465ee728b)
Start importing Assets/Art/SugarLand/Environment/FloorBricksToGrassCorner_1.asset using Guid(08bf32485849f5148a0e0e41fcb78ae8) Importer(815301076,1909f56bfc062723c751e8b465ee728b) [PhysX] Initialized MultithreadedTaskDispatcher with 16 workers.
 -> (artifact id: '4d4b635f0bf5c4d0b159e58a211226fe') in 0.016038 seconds
Number of updated asset objects reloaded before import = 0
Number of asset objects unloaded after import = 3
========================================================================
Received Import Request.
  Time since last request: 0.000018 seconds.
  path: Assets/Art/SugarLand/Environment/FloorBricksToGrassCorner_4.asset
  artifactKey: Guid(1ea727db292f65e45aea669c099ac8d2) Importer(815301076,1909f56bfc062723c751e8b465ee728b)
Start importing Assets/Art/SugarLand/Environment/FloorBricksToGrassCorner_4.asset using Guid(1ea727db292f65e45aea669c099ac8d2) Importer(815301076,1909f56bfc062723c751e8b465ee728b) [PhysX] Initialized MultithreadedTaskDispatcher with 16 workers.
 -> (artifact id: 'cd78487d1d365238252b9d2d6766d070') in 0.015214 seconds
Number of updated asset objects reloaded before import = 0
Number of asset objects unloaded after import = 3
========================================================================
Received Import Request.
  Time since last request: 0.000022 seconds.
  path: Assets/Art/SugarLand/Environment/FloorBricksToGrassCorner_8.asset
  artifactKey: Guid(c4f8f00f46a5ef642ac95103975e09b2) Importer(815301076,1909f56bfc062723c751e8b465ee728b)
Start importing Assets/Art/SugarLand/Environment/FloorBricksToGrassCorner_8.asset using Guid(c4f8f00f46a5ef642ac95103975e09b2) Importer(815301076,1909f56bfc062723c751e8b465ee728b) [PhysX] Initialized MultithreadedTaskDispatcher with 16 workers.
 -> (artifact id: 'd46351760588a07eac844fbc4c3ff971') in 0.015520 seconds
Number of updated asset objects reloaded before import = 0
Number of asset objects unloaded after import = 3
Editor requested this worker to shutdown with reason: Scaling down because of idle timeout
TcpMessagingSession - receive error: operation aborted. errorcode: 995, details: A operação de E/S foi cancelada devido a uma saída do módulo ou a um pedido da aplicação.
AssetImportWorker is now disconnected from the server
Process exiting
Exiting without the bug reporter. Application will terminate with return code 0